// Jest Snapshot v1, https://goo.gl/fbAQLP

exports[`testMatrix 1`] = `
Object {
  "a": 1,
  "b": 0,
  "c": 0,
  "d": 1,
  "e": 0,
  "f": 0,
}
`;
